# LOGGER = TRUE
